[     533ms] [LOG] 
     ........        .....     ............    ............. ...........     
  .............     .......   ................ ............. ..............  
 ..............    .........   ............... ............. ..............  
 .....            ...........   .............. ............  ..............  
 .....           ...... ......  .............. ............. .............   
 .............. ......   .....  ............   ............. .....  ......   
  ...................     ..... .....          ............. .....   ....... 
    ................       ..........          ............. .....     ..... 

 v0.5.1 | %cPixi.js v8.19.0 %c| %chttps://github.com/anthonysapp/caper

 color: #E91E63; font-weight: 600; color: inherit; color: #00BCD4; text-decoration: underline; @ http://localhost:3000/.cache/deps/@caperjs_core.js?v=a0bdaf31:2037
[   20934ms] [INFO] [chips] sync: +2 felt view(s) (state=2, views=2) @ http://localhost:3000/src/gameplay/controllers/ChipController.ts?t=1787077036844:903
[  183708ms] [INFO] [shot] fired angleDeg=278.13 from=[9,11] @ http://localhost:3000/src/scenes/Game.ts?t=1787146379434:4603
[  185796ms] [INFO] [shot] pocket=pk_goal owner=0 shooter=0 called=none → scored (+1) @ http://localhost:3000/src/scenes/Game.ts?t=1787146379434:1571
[  255117ms] [LOG] 
     ........        .....     ............    ............. ...........     
  .............     .......   ................ ............. ..............  
 ..............    .........   ............... ............. ..............  
 .....            ...........   .............. ............  ..............  
 .....           ...... ......  .............. ............. .............   
 .............. ......   .....  ............   ............. .....  ......   
  ...................     ..... .....          ............. .....   ....... 
    ................       ..........          ............. .....     ..... 

 v0.5.1 | %cPixi.js v8.19.0 %c| %chttps://github.com/anthonysapp/caper

 color: #E91E63; font-weight: 600; color: inherit; color: #00BCD4; text-decoration: underline; @ http://localhost:3000/.cache/deps/@caperjs_core.js?v=a0bdaf31:2037
[  283809ms] [INFO] [chips] sync: +2 felt view(s) (state=2, views=2) @ http://localhost:3000/src/gameplay/controllers/ChipController.ts?t=1787077036844:903
[  323714ms] [INFO] [shot] fired angleDeg=202.50 from=[9,11] @ http://localhost:3000/src/scenes/Game.ts?t=1787148792545:4606
[  324762ms] [INFO] [shot] pocket=pk_goal owner=0 shooter=0 called=none → scored (+1) @ http://localhost:3000/src/scenes/Game.ts?t=1787148792545:1571
[  827976ms] [LOG] 
     ........        .....     ............    ............. ...........     
  .............     .......   ................ ............. ..............  
 ..............    .........   ............... ............. ..............  
 .....            ...........   .............. ............  ..............  
 .....           ...... ......  .............. ............. .............   
 .............. ......   .....  ............   ............. .....  ......   
  ...................     ..... .....          ............. .....   ....... 
    ................       ..........          ............. .....     ..... 

 v0.5.1 | %cPixi.js v8.19.0 %c| %chttps://github.com/anthonysapp/caper

 color: #E91E63; font-weight: 600; color: inherit; color: #00BCD4; text-decoration: underline; @ http://localhost:3000/.cache/deps/@caperjs_core.js?v=a0bdaf31:2037
[  839937ms] [LOG] 
     ........        .....     ............    ............. ...........     
  .............     .......   ................ ............. ..............  
 ..............    .........   ............... ............. ..............  
 .....            ...........   .............. ............  ..............  
 .....           ...... ......  .............. ............. .............   
 .............. ......   .....  ............   ............. .....  ......   
  ...................     ..... .....          ............. .....   ....... 
    ................       ..........          ............. .....     ..... 

 v0.5.1 | %cPixi.js v8.19.0 %c| %chttps://github.com/anthonysapp/caper

 color: #E91E63; font-weight: 600; color: inherit; color: #00BCD4; text-decoration: underline; @ http://localhost:3000/.cache/deps/@caperjs_core.js?v=a0bdaf31:2037
[  853557ms] [LOG] 
     ........        .....     ............    ............. ...........     
  .............     .......   ................ ............. ..............  
 ..............    .........   ............... ............. ..............  
 .....            ...........   .............. ............  ..............  
 .....           ...... ......  .............. ............. .............   
 .............. ......   .....  ............   ............. .....  ......   
  ...................     ..... .....          ............. .....   ....... 
    ................       ..........          ............. .....     ..... 

 v0.5.1 | %cPixi.js v8.19.0 %c| %chttps://github.com/anthonysapp/caper

 color: #E91E63; font-weight: 600; color: inherit; color: #00BCD4; text-decoration: underline; @ http://localhost:3000/.cache/deps/@caperjs_core.js?v=a0bdaf31:2037
[  863186ms] [LOG] 
     ........        .....     ............    ............. ...........     
  .............     .......   ................ ............. ..............  
 ..............    .........   ............... ............. ..............  
 .....            ...........   .............. ............  ..............  
 .....           ...... ......  .............. ............. .............   
 .............. ......   .....  ............   ............. .....  ......   
  ...................     ..... .....          ............. .....   ....... 
    ................       ..........          ............. .....     ..... 

 v0.5.1 | %cPixi.js v8.19.0 %c| %chttps://github.com/anthonysapp/caper

 color: #E91E63; font-weight: 600; color: inherit; color: #00BCD4; text-decoration: underline; @ http://localhost:3000/.cache/deps/@caperjs_core.js?v=a0bdaf31:2037
[  880367ms] [LOG] 
     ........        .....     ............    ............. ...........     
  .............     .......   ................ ............. ..............  
 ..............    .........   ............... ............. ..............  
 .....            ...........   .............. ............  ..............  
 .....           ...... ......  .............. ............. .............   
 .............. ......   .....  ............   ............. .....  ......   
  ...................     ..... .....          ............. .....   ....... 
    ................       ..........          ............. .....     ..... 

 v0.5.1 | %cPixi.js v8.19.0 %c| %chttps://github.com/anthonysapp/caper

 color: #E91E63; font-weight: 600; color: inherit; color: #00BCD4; text-decoration: underline; @ http://localhost:3000/.cache/deps/@caperjs_core.js?v=a0bdaf31:2037
[  889044ms] [LOG] 
     ........        .....     ............    ............. ...........     
  .............     .......   ................ ............. ..............  
 ..............    .........   ............... ............. ..............  
 .....            ...........   .............. ............  ..............  
 .....           ...... ......  .............. ............. .............   
 .............. ......   .....  ............   ............. .....  ......   
  ...................     ..... .....          ............. .....   ....... 
    ................       ..........          ............. .....     ..... 

 v0.5.1 | %cPixi.js v8.19.0 %c| %chttps://github.com/anthonysapp/caper

 color: #E91E63; font-weight: 600; color: inherit; color: #00BCD4; text-decoration: underline; @ http://localhost:3000/.cache/deps/@caperjs_core.js?v=a0bdaf31:2037
[ 1392289ms] [INFO] [chips] sync: +1 felt view(s) (state=1, views=1) @ http://localhost:3000/src/gameplay/controllers/ChipController.ts?t=1787077036844:903
[ 1447358ms] [INFO] [shot] fired angleDeg=258.00 from=[9,13] @ http://localhost:3000/src/scenes/Game.ts?t=1787149365574:4606
[ 1447941ms] [INFO] [shot] pocket=pk_goal owner=0 shooter=0 called=none → scored (+1) @ http://localhost:3000/src/scenes/Game.ts?t=1787149365574:1571
